[36mvite v6.4.1 [32mbuilding for production...[36m[39m
transforming...
[32mΓ£ô[39m 4 modules transformed.
rendering chunks...
computing gzip size...
[2mdist/[22m[32mindex.html                 [39m[1m[2m44.01 kB[22m[1m[22m[2m Γöé gzip: 8.85 kB[22m
[2mdist/[22m[35massets/index-_6zo5ZD5.css  [39m[1m[2m39.50 kB[22m[1m[22m[2m Γöé gzip: 7.87 kB[22m
[2mdist/[22m[36massets/index-C_8yZTIo.js   [39m[1m[2m 8.77 kB[22m[1m[22m[2m Γöé gzip: 3.04 kB[22m
[32mΓ£ô built in 306ms[39m
